(COMPILATION_UNIT
 (class C
        (FIELD x (TYPE C))
        (method m ARGS
                (BLOCK (:= (FIELD_ACCESS (FIELD_ACCESS x x) x)
                           (FIELD_ACCESS (FIELD_ACCESS x x) x))))))
