testFile on='someTerm' string="someString" boolean=true int=22;
cases {
  "case 1":
    z3;
  "case 2":
}